../Core/Src/main.c:101:6:send_uart_message	16	static
../Core/Src/main.c:105:6:microDelay	16	static
../Core/Src/main.c:110:9:DHT11_Start	40	static
../Core/Src/main.c:145:9:DHT11_Read	16	static
../Core/Src/main.c:174:6:Read_PMS7003	40	static
../Core/Src/main.c:192:5:main	96	static
../Core/Src/main.c:289:6:SystemClock_Config	88	static
../Core/Src/main.c:336:13:MX_ADC1_Init	24	static
../Core/Src/main.c:394:13:MX_SPI1_Init	8	static
../Core/Src/main.c:433:13:MX_TIM1_Init	40	static
../Core/Src/main.c:480:13:MX_USART2_UART_Init	8	static
../Core/Src/main.c:528:13:MX_USART3_UART_Init	8	static
../Core/Src/main.c:564:13:MX_GPIO_Init	56	static
../Core/Src/main.c:628:6:HAL_GPIO_EXTI_Falling_Callback	24	static
../Core/Src/main.c:632:6:process_uart	128	static
../Core/Src/main.c:677:6:HAL_UART_RxCpltCallback	104	static
../Core/Src/main.c:718:10:crc16_modbus	24	static
../Core/Src/main.c:736:5:validate_crc16_modbus	40	static
../Core/Src/main.c:751:6:spi_transmit	32	static
../Core/Src/main.c:759:6:HAL_SPI_RxCpltCallback	152	static
../Core/Src/main.c:854:6:Error_Handler	8	static,ignoring_inline_asm
