../Core/Src/main.c:83:6:uart_debug	0	static
../Core/Src/main.c:146:6:SystemClock_Config	80	static,ignoring_inline_asm
../Core/Src/main.c:92:5:main	56	static,ignoring_inline_asm
../Core/Src/main.c:312:6:HAL_GPIO_EXTI_Falling_Callback	0	static
../Core/Src/main.c:322:6:process_uart	112	static
../Core/Src/main.c:359:6:HAL_UART_RxCpltCallback	16	static
../Core/Src/main.c:389:10:crc16_modbus	20	static
../Core/Src/main.c:407:5:validate_crc16_modbus	8	static
../Core/Src/main.c:422:6:HAL_SPI_RxCpltCallback	16	static
../Core/Src/main.c:439:6:Error_Handler	0	static,ignoring_inline_asm
